// Jest Snapshot v1, https://goo.gl/fbAQLP

exports[`Registration page Render check 1`] = `
<div>
  <form>
    <div
      class="css-1owwovu"
    >
      <section
        class="css-1fluu6k"
      >
        <h2>
          Create an account
        </h2>
         
        <label
          class="css-1l9k1rx"
          height="7"
          width="20"
        >
          <span
            class="css-6hin7w"
          >
            username
          </span>
          <div
            class="css-qqgi3g"
          >
            <input
              class="css-1ma8s4p"
              name="username"
              placeholder="username"
              role="textbox"
            />
          </div>
          <span
            class="css-8t7t1n"
            role="alert"
          >
             
          </span>
        </label>
        <label
          class="css-1l9k1rx"
          height="7"
          width="20"
        >
          <span
            class="css-6hin7w"
          >
            email
          </span>
          <div
            class="css-qqgi3g"
          >
            <input
              class="css-1ma8s4p"
              name="email"
              placeholder="email"
              role="textbox"
              type="email"
            />
          </div>
          <span
            class="css-8t7t1n"
            role="alert"
          >
             
          </span>
        </label>
        <label
          class="css-1l9k1rx"
          height="7"
          width="20"
        >
          <span
            class="css-6hin7w"
          >
            password
          </span>
          <div
            class="css-qqgi3g"
          >
            <input
              class="css-1ma8s4p"
              minlength="6"
              name="password"
              placeholder="password"
              role="textbox"
              type="password"
            />
          </div>
          <span
            class="css-8t7t1n"
            role="alert"
          >
             
          </span>
        </label>
        <button
          class="css-tjwez1"
          color="primary"
          type="submit"
        >
          Sign Up
        </button>
        <h3>
          <a
            class="css-1ixycxi"
            href="/login"
          >
            Login
          </a>
        </h3>
         
      </section>
    </div>
  </form>
</div>
`;
