// Jest Snapshot v1, https://goo.gl/fbAQLP

exports[`Logo test cases render with custom size 1`] = `
<DocumentFragment>
  <header
    class="css-1552zee"
    size="10"
  >
    CoursesBox
  </header>
</DocumentFragment>
`;
